
> job-tracker-client@1.0.0 build
> vite build

[36mvite v5.4.21 [32mbuilding for production...[36m[39m
transforming...
[32mΓ£ô[39m 1833 modules transformed.
node.exe : [31mx[39m Build failed in 2.64s
At line:1 char:1
+ & "C:\Program Files\nodejs/node.exe" 
"C:\Program Files\nodejs/node_mo ...
+ ~~~~~~~~~~~~~~~~~~~~~~~~~~~~~~~~~~~~~~~~~~
~~~~~~~~~~~~~~~~~~~~~~~~~~~
    + CategoryInfo          : NotSpecified: 
    ([31mx[39m Build failed in 2.64s:Str  
  ing) [], RemoteException
    + FullyQualifiedErrorId : NativeCommand 
   Error
 
[31merror during build:
[31msrc/pages/Dashboard.jsx (6:2): 
"BriefcaseBusiness" is not exported by "node
_modules/lucide-react/dist/esm/lucide-react.
js", imported by 
"src/pages/Dashboard.jsx".[31m
file: [36mC:/Users/Supriya/OneDrive/Desktop
/Projec/client/src/pages/Dashboard.jsx:6:2[
31m
[33m
4: import JobForm from 
'../components/JobForm';
5: import { 
6:   BriefcaseBusiness, 
     ^
7:   CalendarDays, 
8:   CheckCircle2, 
[31m
    at getRollupError (file:///C:/Users/Supr
iya/OneDrive/Desktop/Projec/client/node_modu
les/rollup/dist/es/shared/parseAst.js:406:41
)
    at error (file:///C:/Users/Supriya/OneDr
ive/Desktop/Projec/client/node_modules/rollu
p/dist/es/shared/parseAst.js:402:42)
    at Module.error (file:///C:/Users/Supriy
a/OneDrive/Desktop/Projec/client/node_module
s/rollup/dist/es/shared/node-entry.js:17380:
16)
    at Module.traceVariable (file:///C:/User
s/Supriya/OneDrive/Desktop/Projec/client/nod
e_modules/rollup/dist/es/shared/node-entry.j
s:17813:29)
    at ModuleScope.findVariable (file:///C:/
Users/Supriya/OneDrive/Desktop/Projec/client
/node_modules/rollup/dist/es/shared/node-ent
ry.js:15403:39)
    at ReturnValueScope.findVariable (file:/
//C:/Users/Supriya/OneDrive/Desktop/Projec/c
lient/node_modules/rollup/dist/es/shared/nod
e-entry.js:5676:38)
    at FunctionBodyScope.findVariable (file:
///C:/Users/Supriya/OneDrive/Desktop/Projec/
client/node_modules/rollup/dist/es/shared/no
de-entry.js:5676:38)
    at Identifier.bind (file:///C:/Users/Sup
riya/OneDrive/Desktop/Projec/client/node_mod
ules/rollup/dist/es/shared/node-entry.js:545
0:40)
    at CallExpression.bind (file:///C:/Users
/Supriya/OneDrive/Desktop/Projec/client/node
_modules/rollup/dist/es/shared/node-entry.js
:2828:28)
    at CallExpression.bind (file:///C:/Users
/Supriya/OneDrive/Desktop/Projec/client/node
_modules/rollup/dist/es/shared/node-entry.js
:12512:15)[39m
